// Jest Snapshot v1, https://goo.gl/fbAQLP

exports[`design snapshot renders all items except feedback 1`] = `
<ConfigLayout
  settings={
    <Panel
      configuration={
        Object {
          "correctAnswer": Object {
            "label": "Correct Answers",
            "settings": true,
          },
          "feedback": Object {
            "settings": false,
          },
          "highlightChoices": Object {
            "label": "Highlight choices",
            "settings": true,
          },
          "mode": Object {
            "label": "Mode",
            "settings": true,
          },
          "partialScoring": Object {
            "label": "Allow Partial Scoring",
            "settings": true,
          },
          "prompt": Object {
            "label": "Prompt",
          },
          "rationale": Object {
            "enabled": false,
            "label": "Rationale",
            "settings": true,
          },
          "scoringType": Object {
            "label": "Scoring Type",
            "settings": false,
          },
          "selectionCount": Object {
            "label": "Selection count",
            "settings": true,
          },
          "selections": Object {
            "label": "Selections Available",
            "settings": true,
          },
          "studentInstructions": Object {
            "enabled": true,
            "label": "Student Instructions",
            "settings": false,
          },
          "teacherInstructions": Object {
            "enabled": false,
            "label": "Teacher Instructions",
            "settings": true,
          },
          "text": Object {
            "label": "Content",
            "settings": true,
          },
          "tokens": Object {
            "label": "Tokens",
            "settings": true,
          },
        }
      }
      groups={
        Object {
          "Properties": Object {
            "rationale.enabled": undefined,
            "scoringType": false,
            "studentInstructions.enabled": false,
            "teacherInstructions.enabled": undefined,
          },
          "Settings": Object {
            "highlightChoices": undefined,
          },
        }
      }
      model={
        Object {
          "tokens": Array [],
        }
      }
      onChangeConfiguration={[Function]}
      onChangeModel={[Function]}
    />
  }
>
  <div>
    <Component
      label="Prompt"
    >
      <EditableHtml
        onChange={[Function]}
      />
    </Component>
    <TextField
      label="Content"
      multiline={true}
      onChange={[Function]}
      required={false}
      select={false}
      variant="standard"
    />
    <Component
      label="Tokens"
    >
      <WithStyles(Tokenizer)
        onChange={[Function]}
        tokens={Array []}
      />
    </Component>
    <WithStyles(Chip)
      label="Mode: None"
    />
    <WithStyles(Chip)
      label="Selections Available: 0"
    />
    <WithStyles(Chip)
      label="Correct Answers: 0"
    />
    <Component
      label="Selection count (0:any)"
      max={0}
      min={0}
      onChange={[Function]}
    />
    <Component
      label="Allow Partial Scoring"
      onChange={[Function]}
      title="Scoring"
    />
  </div>
</ConfigLayout>
`;

exports[`design snapshot renders all items except the content input 1`] = `
<ConfigLayout
  settings={
    <Panel
      configuration={
        Object {
          "correctAnswer": Object {
            "label": "Correct Answers",
            "settings": true,
          },
          "feedback": Object {
            "settings": false,
          },
          "highlightChoices": Object {
            "label": "Highlight choices",
            "settings": true,
          },
          "mode": Object {
            "label": "Mode",
            "settings": true,
          },
          "partialScoring": Object {
            "label": "Allow Partial Scoring",
            "settings": true,
          },
          "prompt": Object {
            "label": "Prompt",
          },
          "rationale": Object {
            "enabled": false,
            "label": "Rationale",
            "settings": true,
          },
          "scoringType": Object {
            "label": "Scoring Type",
            "settings": false,
          },
          "selectionCount": Object {
            "label": "Selection count",
            "settings": true,
          },
          "selections": Object {
            "label": "Selections Available",
            "settings": true,
          },
          "studentInstructions": Object {
            "enabled": true,
            "label": "Student Instructions",
            "settings": false,
          },
          "teacherInstructions": Object {
            "enabled": false,
            "label": "Teacher Instructions",
            "settings": true,
          },
          "text": Object {
            "label": "Content",
            "settings": false,
          },
          "tokens": Object {
            "label": "Tokens",
            "settings": true,
          },
        }
      }
      groups={
        Object {
          "Properties": Object {
            "rationale.enabled": undefined,
            "scoringType": false,
            "studentInstructions.enabled": false,
            "teacherInstructions.enabled": undefined,
          },
          "Settings": Object {
            "highlightChoices": undefined,
          },
        }
      }
      model={
        Object {
          "tokens": Array [],
        }
      }
      onChangeConfiguration={[Function]}
      onChangeModel={[Function]}
    />
  }
>
  <div>
    <Component
      label="Prompt"
    >
      <EditableHtml
        onChange={[Function]}
      />
    </Component>
    <Component
      label="Tokens"
    >
      <WithStyles(Tokenizer)
        onChange={[Function]}
        tokens={Array []}
      />
    </Component>
    <WithStyles(Chip)
      label="Mode: None"
    />
    <WithStyles(Chip)
      label="Selections Available: 0"
    />
    <WithStyles(Chip)
      label="Correct Answers: 0"
    />
    <Component
      label="Selection count (0:any)"
      max={0}
      min={0}
      onChange={[Function]}
    />
    <Component
      label="Allow Partial Scoring"
      onChange={[Function]}
      title="Scoring"
    />
  </div>
</ConfigLayout>
`;

exports[`design snapshot renders all items with defaultProps 1`] = `
<ConfigLayout
  settings={
    <Panel
      configuration={
        Object {
          "correctAnswer": Object {
            "label": "Correct Answers",
            "settings": true,
          },
          "feedback": Object {
            "settings": true,
          },
          "highlightChoices": Object {
            "label": "Highlight choices",
            "settings": true,
          },
          "mode": Object {
            "label": "Mode",
            "settings": true,
          },
          "partialScoring": Object {
            "label": "Allow Partial Scoring",
            "settings": true,
          },
          "prompt": Object {
            "label": "Prompt",
          },
          "rationale": Object {
            "enabled": false,
            "label": "Rationale",
            "settings": true,
          },
          "scoringType": Object {
            "label": "Scoring Type",
            "settings": false,
          },
          "selectionCount": Object {
            "label": "Selection count",
            "settings": true,
          },
          "selections": Object {
            "label": "Selections Available",
            "settings": true,
          },
          "studentInstructions": Object {
            "enabled": true,
            "label": "Student Instructions",
            "settings": false,
          },
          "teacherInstructions": Object {
            "enabled": false,
            "label": "Teacher Instructions",
            "settings": true,
          },
          "text": Object {
            "label": "Content",
            "settings": true,
          },
          "tokens": Object {
            "label": "Tokens",
            "settings": true,
          },
        }
      }
      groups={
        Object {
          "Properties": Object {
            "rationale.enabled": undefined,
            "scoringType": false,
            "studentInstructions.enabled": false,
            "teacherInstructions.enabled": undefined,
          },
          "Settings": Object {
            "highlightChoices": undefined,
          },
        }
      }
      model={
        Object {
          "tokens": Array [],
        }
      }
      onChangeConfiguration={[Function]}
      onChangeModel={[Function]}
    />
  }
>
  <div>
    <Component
      label="Prompt"
    >
      <EditableHtml
        onChange={[Function]}
      />
    </Component>
    <TextField
      label="Content"
      multiline={true}
      onChange={[Function]}
      required={false}
      select={false}
      variant="standard"
    />
    <Component
      label="Tokens"
    >
      <WithStyles(Tokenizer)
        onChange={[Function]}
        tokens={Array []}
      />
    </Component>
    <WithStyles(Chip)
      label="Mode: None"
    />
    <WithStyles(Chip)
      label="Selections Available: 0"
    />
    <WithStyles(Chip)
      label="Correct Answers: 0"
    />
    <Component
      label="Selection count (0:any)"
      max={0}
      min={0}
      onChange={[Function]}
    />
    <Component
      label="Allow Partial Scoring"
      onChange={[Function]}
      title="Scoring"
    />
    <Component
      onChange={[Function]}
    />
  </div>
</ConfigLayout>
`;
