// Jest Snapshot v1, https://goo.gl/fbAQLP

exports[`main snapshot renders 1`] = `
<WithStyles(Design)
  model={
    Object {
      "tokens": Array [],
    }
  }
  onChange={[MockFunction]}
  onPromptChanged={[Function]}
  title="Design"
/>
`;
