// Jest Snapshot v1, https://goo.gl/fbAQLP

exports[`choice snapshot renders 1`] = `
<WithStyles(Card)
  className="classname"
>
  <WithStyles(CardActions) />
  <WithStyles(CardActions)>
    <WithStyles(Component)
      label="delete"
      onClick={[MockFunction]}
    />
  </WithStyles(CardActions)>
</WithStyles(Card)>
`;
