// Jest Snapshot v1, https://goo.gl/fbAQLP

exports[`Model Options snapshot renders 1`] = `
<div>
  <WithStyles(CardBar)
    header="Configure Fraction Model"
  />
  <br />
  <div>
    <div>
      <label>
        Model Type
      </label>
      <WithStyles(WithFormControlContext(Select))
        onChange={[Function]}
        value="bar"
      >
        <WithStyles(MenuItem)
          key="item_0"
          value="bar"
        >
          Bar
        </WithStyles(MenuItem)>
        <WithStyles(MenuItem)
          key="item_1"
          value="pie"
        >
          Pie
        </WithStyles(MenuItem)>
      </WithStyles(WithFormControlContext(Select))>
    </div>
    <div>
      <label>
        Max # of Models
      </label>
      <WithStyles(NumberTextField)
        max={9}
        min={1}
        name="max-model"
        onChange={[Function]}
        value={1}
      />
    </div>
    <div>
      <label>
        Parts per Model
      </label>
      <WithStyles(NumberTextField)
        max={9}
        min={1}
        name="model-parts"
        onChange={[Function]}
        value={5}
      />
    </div>
  </div>
  <div>
    <Checkbox
      checked={false}
      label=""
      onChange={[Function]}
    />
    <span>
      Allow student to configure number of models and parts per model
    </span>
  </div>
</div>
`;
