// Jest Snapshot v1, https://goo.gl/fbAQLP

exports[`main snapshot renders 1`] = `
<Component>
  <div>
    <WithStyles(PreviewPrompt) />
  </div>
  <WithStyles(CorrectAnswerToggle)
    onToggle={[Function]}
    toggled={false}
  />
  <Component
    onChange={[Function]}
    selectedTokens={
      Array [
        Object {
          "end": 1,
          "start": 0,
          "text": "f",
        },
      ]
    }
    text="foo"
    tokens={
      Array [
        Object {
          "end": 1,
          "oldEnd": 1,
          "oldStart": 0,
          "start": 0,
          "text": "f",
        },
      ]
    }
  />
</Component>
`;

exports[`main snapshot renders rationale 1`] = `
<Component>
  <div>
    <WithStyles(PreviewPrompt) />
  </div>
  <WithStyles(CorrectAnswerToggle)
    onToggle={[Function]}
    toggled={false}
  />
  <Component
    onChange={[Function]}
    selectedTokens={
      Array [
        Object {
          "end": 1,
          "start": 0,
          "text": "f",
        },
      ]
    }
    text="foo"
    tokens={
      Array [
        Object {
          "end": 1,
          "oldEnd": 1,
          "oldStart": 0,
          "start": 0,
          "text": "f",
        },
      ]
    }
  />
</Component>
`;

exports[`main snapshot renders showCorrect 1`] = `
<Component>
  <div>
    <WithStyles(PreviewPrompt) />
  </div>
  <WithStyles(CorrectAnswerToggle)
    onToggle={[Function]}
    toggled={true}
  />
  <Component
    onChange={[Function]}
    selectedTokens={Array []}
    text="foo"
    tokens={
      Array [
        Object {
          "end": 1,
          "oldEnd": 1,
          "oldStart": 0,
          "start": 0,
          "text": "f",
        },
      ]
    }
  />
</Component>
`;
