// Jest Snapshot v1, https://goo.gl/fbAQLP

exports[`Configure renders snapshot 1`] = `
<ConfigLayout
  dimensions={Object {}}
  hideSettings={false}
  settings={
    <Panel
      configuration={
        Object {
          "arrows": Object {
            "down": Object {
              "label": "down",
            },
            "label": "Include Arrows",
            "left": Object {
              "label": "left",
            },
            "right": Object {
              "label": "right",
            },
            "settings": true,
            "up": Object {
              "label": "up",
            },
          },
          "authoring": Object {
            "axisLabel": Object {
              "enabled": true,
              "label": "Label",
            },
            "enabled": true,
            "includeAxesEnabled": false,
            "label": "Customize Grid Setup",
            "labelStep": Object {
              "enabled": true,
              "label": "Label Interval",
            },
            "max": Object {
              "enabled": true,
              "label": "Max Value",
            },
            "min": Object {
              "enabled": true,
              "label": "Min Value",
            },
            "settings": false,
            "standardGridEnabled": true,
            "step": Object {
              "enabled": true,
              "label": "Grid Interval",
            },
          },
          "coordinatesOnHover": Object {
            "label": "Coordinates on Hover",
            "settings": true,
          },
          "graphDimensions": Object {
            "enabled": true,
            "label": "Graph Dimensions",
            "max": 800,
            "min": 150,
            "settings": false,
            "step": 20,
          },
          "gridConfigurations": Array [
            Object {
              "arrows": Object {
                "down": true,
                "left": true,
                "right": true,
                "up": true,
              },
              "domain": Object {
                "axisLabel": "<i>x</i>",
                "labelStep": 1,
                "max": 10,
                "min": -10,
                "padding": 0,
                "step": 1,
              },
              "graph": Object {
                "height": 480,
                "width": 480,
              },
              "includeAxes": true,
              "label": "4-quadrant coordinate grid, -10 to 10",
              "labels": Object {
                "bottom": "",
                "left": "",
                "right": "",
                "top": "",
              },
              "padding": true,
              "range": Object {
                "axisLabel": "<i>y</i>",
                "labelStep": 1,
                "max": 10,
                "min": -10,
                "padding": 0,
                "step": 1,
              },
              "standardGrid": true,
              "title": "",
            },
            Object {
              "arrows": Object {
                "down": false,
                "left": false,
                "right": true,
                "up": true,
              },
              "domain": Object {
                "axisLabel": "<i>x</i>",
                "labelStep": 1,
                "max": 10,
                "min": 0,
                "padding": 0,
                "step": 1,
              },
              "graph": Object {
                "height": 480,
                "width": 480,
              },
              "includeAxes": true,
              "label": "0 to 10 on both axes",
              "labels": Object {
                "bottom": "",
                "left": "",
                "right": "",
                "top": "",
              },
              "padding": true,
              "range": Object {
                "axisLabel": "<i>y</i>",
                "labelStep": 1,
                "max": 10,
                "min": 0,
                "padding": 0,
                "step": 1,
              },
              "standardGrid": true,
              "title": "",
            },
            Object {
              "arrows": Object {
                "down": false,
                "left": false,
                "right": true,
                "up": true,
              },
              "domain": Object {
                "axisLabel": "<i>x</i>",
                "labelStep": 1,
                "max": 20,
                "min": 0,
                "padding": 0,
                "step": 1,
              },
              "graph": Object {
                "height": 480,
                "width": 480,
              },
              "includeAxes": true,
              "label": "0 to 20 on both axes",
              "labels": Object {
                "bottom": "",
                "left": "",
                "right": "",
                "top": "",
              },
              "padding": true,
              "range": Object {
                "axisLabel": "<i>y</i>",
                "labelStep": 1,
                "max": 20,
                "min": 0,
                "padding": 0,
                "step": 1,
              },
              "standardGrid": true,
              "title": "",
            },
            Object {
              "arrows": Object {
                "down": false,
                "left": false,
                "right": true,
                "up": true,
              },
              "domain": Object {
                "axisLabel": "<i>t</i>",
                "labelStep": 2,
                "max": 30,
                "min": 0,
                "padding": 0,
                "step": 1,
              },
              "graph": Object {
                "height": 480,
                "width": 480,
              },
              "includeAxes": true,
              "label": "Sample Data Graph",
              "labels": Object {
                "bottom": "Time (seconds)",
                "left": "Distance (meters)",
                "right": "",
                "top": "",
              },
              "padding": true,
              "range": Object {
                "axisLabel": "<i>d</i>",
                "labelStep": 10,
                "max": 80,
                "min": 0,
                "padding": 0,
                "step": 5,
              },
              "standardGrid": false,
              "title": "Distance as a function of time",
            },
          ],
          "instruction": Object {
            "label": "Graphing Solution Set items involve plotting one or two lines on a graph and then selecting the correct area that represents the solution set. To create one, first configure the grid, then select if one or two lines will be offered and if the lines should be solid or dashed. After defining the line(s), define the correct answer by clicking the area that represents the solution set.",
            "settings": false,
          },
          "labels": Object {
            "bottom": "Click here to add a bottom label",
            "enabled": true,
            "label": "Graph Labels",
            "left": "Click here to add a left label",
            "right": "Click here to add a right label",
            "settings": true,
            "top": "Click here to add a top label",
          },
          "language": Object {
            "enabled": false,
            "label": "Specify Language",
            "settings": false,
          },
          "languageChoices": Object {
            "label": "Language Choices",
            "options": Array [],
          },
          "mathMlOptions": Object {
            "mmlEditing": false,
            "mmlOutput": false,
          },
          "maxImageHeight": Object {
            "prompt": 300,
            "rationale": 300,
            "teacherInstructions": 300,
          },
          "maxImageWidth": Object {
            "prompt": 300,
            "rationale": 300,
            "teacherInstructions": 300,
          },
          "padding": Object {
            "label": "Padding",
            "settings": false,
          },
          "prompt": Object {
            "label": "Item Stem",
            "settings": true,
          },
          "rationale": Object {
            "label": "Rationale",
            "settings": true,
          },
          "scoringType": Object {
            "label": "Scoring Type",
            "settings": false,
          },
          "settingsPanelDisabled": false,
          "spellCheck": Object {
            "enabled": true,
            "label": "Spellcheck",
            "settings": false,
          },
          "studentInstructions": Object {
            "label": "Student Instructions",
            "settings": false,
          },
          "teacherInstructions": Object {
            "label": "Teacher Instructions",
            "settings": true,
          },
          "title": Object {
            "enabled": true,
            "label": "Graph Title",
            "placeholder": "Click here to add a title for this graph",
            "settings": true,
          },
          "withRubric": Object {
            "label": "Add Rubric",
            "settings": false,
          },
        }
      }
      groups={
        Object {
          "Properties": Object {
            "authoring.enabled": false,
            "instruction": false,
            "promptEnabled": undefined,
            "rationaleEnabled": undefined,
            "rubricEnabled": false,
            "scoringType": false,
            "spellCheckEnabled": false,
            "studentInstructionsEnabled": false,
            "teacherInstructionsEnabled": undefined,
          },
          "Settings": Object {
            "arrows": undefined,
            "coordinatesOnHover": undefined,
            "dimensionsEnabled": false,
            "labelsEnabled": undefined,
            "language": false,
            "language.enabled": false,
            "padding": false,
            "titleEnabled": undefined,
          },
        }
      }
      model={
        Object {
          "answers": Object {
            "correctAnswer": Object {
              "marks": Array [],
              "name": "Correct Answer",
            },
          },
          "arrows": Object {
            "down": true,
            "left": true,
            "right": true,
            "up": true,
          },
          "coordinatesOnHover": false,
          "defaultGridConfiguration": 0,
          "domain": Object {
            "axisLabel": "x",
            "labelStep": 1,
            "max": 5,
            "min": -5,
            "step": 1,
          },
          "graph": Object {
            "height": 500,
            "width": 500,
          },
          "gssLineData": Object {
            "lineA": Object {
              "lineType": "Solid",
            },
            "numberOfLines": 1,
            "sections": Array [],
            "selectedTool": "lineA",
          },
          "includeAxes": true,
          "labels": Object {},
          "labelsEnabled": true,
          "marks": Array [],
          "padding": true,
          "prompt": "",
          "promptEnabled": true,
          "range": Object {
            "axisLabel": "y",
            "labelStep": 1,
            "max": 5,
            "min": -5,
            "step": 1,
          },
          "rationale": "",
          "rationaleEnabled": true,
          "standardGrid": false,
          "studentInstructionsEnabled": true,
          "teacherInstructionsEnabled": true,
          "title": "",
        }
      }
    />
  }
>
  <WithStyles(Typography)
    component="div"
    type="body1"
  >
    Graphing Solution Set items involve plotting one or two lines on a graph and then selecting the correct area that represents the solution set. To create one, first configure the grid, then select if one or two lines will be offered and if the lines should be solid or dashed. After defining the line(s), define the correct answer by clicking the area that represents the solution set.
  </WithStyles(Typography)>
  <InputContainer
    label="Teacher Instructions"
  >
    <EditableHtml
      allowValidation={false}
      languageCharactersProps={
        Array [
          Object {
            "language": "spanish",
          },
          Object {
            "language": "special",
          },
        ]
      }
      markup=""
      mathMlOptions={
        Object {
          "mmlEditing": false,
          "mmlOutput": false,
        }
      }
      maxImageHeight={300}
      maxImageWidth={300}
      nonEmpty={false}
      onChange={[Function]}
      onDone={[Function]}
    />
  </InputContainer>
  <InputContainer
    label="Item Stem"
  >
    <EditableHtml
      allowValidation={false}
      disableUnderline={true}
      languageCharactersProps={
        Array [
          Object {
            "language": "spanish",
          },
          Object {
            "language": "special",
          },
        ]
      }
      markup=""
      mathMlOptions={
        Object {
          "mmlEditing": false,
          "mmlOutput": false,
        }
      }
      maxImageHeight={300}
      maxImageWidth={300}
      nonEmpty={false}
      onChange={[Function]}
      onDone={[Function]}
    />
  </InputContainer>
  <WithStyles(GraphingConfig)
    authoring={
      Object {
        "axisLabel": Object {
          "enabled": true,
          "label": "Label",
        },
        "enabled": true,
        "includeAxesEnabled": false,
        "label": "Customize Grid Setup",
        "labelStep": Object {
          "enabled": true,
          "label": "Label Interval",
        },
        "max": Object {
          "enabled": true,
          "label": "Max Value",
        },
        "min": Object {
          "enabled": true,
          "label": "Min Value",
        },
        "settings": false,
        "standardGridEnabled": true,
        "step": Object {
          "enabled": true,
          "label": "Grid Interval",
        },
      }
    }
    graphDimensions={
      Object {
        "enabled": true,
        "label": "Graph Dimensions",
        "max": 800,
        "min": 150,
        "settings": false,
        "step": 20,
      }
    }
    gridConfigurations={
      Array [
        Object {
          "arrows": Object {
            "down": true,
            "left": true,
            "right": true,
            "up": true,
          },
          "domain": Object {
            "axisLabel": "<i>x</i>",
            "labelStep": 1,
            "max": 10,
            "min": -10,
            "padding": 0,
            "step": 1,
          },
          "graph": Object {
            "height": 480,
            "width": 480,
          },
          "includeAxes": true,
          "label": "4-quadrant coordinate grid, -10 to 10",
          "labels": Object {
            "bottom": "",
            "left": "",
            "right": "",
            "top": "",
          },
          "padding": true,
          "range": Object {
            "axisLabel": "<i>y</i>",
            "labelStep": 1,
            "max": 10,
            "min": -10,
            "padding": 0,
            "step": 1,
          },
          "standardGrid": true,
          "title": "",
        },
        Object {
          "arrows": Object {
            "down": false,
            "left": false,
            "right": true,
            "up": true,
          },
          "domain": Object {
            "axisLabel": "<i>x</i>",
            "labelStep": 1,
            "max": 10,
            "min": 0,
            "padding": 0,
            "step": 1,
          },
          "graph": Object {
            "height": 480,
            "width": 480,
          },
          "includeAxes": true,
          "label": "0 to 10 on both axes",
          "labels": Object {
            "bottom": "",
            "left": "",
            "right": "",
            "top": "",
          },
          "padding": true,
          "range": Object {
            "axisLabel": "<i>y</i>",
            "labelStep": 1,
            "max": 10,
            "min": 0,
            "padding": 0,
            "step": 1,
          },
          "standardGrid": true,
          "title": "",
        },
        Object {
          "arrows": Object {
            "down": false,
            "left": false,
            "right": true,
            "up": true,
          },
          "domain": Object {
            "axisLabel": "<i>x</i>",
            "labelStep": 1,
            "max": 20,
            "min": 0,
            "padding": 0,
            "step": 1,
          },
          "graph": Object {
            "height": 480,
            "width": 480,
          },
          "includeAxes": true,
          "label": "0 to 20 on both axes",
          "labels": Object {
            "bottom": "",
            "left": "",
            "right": "",
            "top": "",
          },
          "padding": true,
          "range": Object {
            "axisLabel": "<i>y</i>",
            "labelStep": 1,
            "max": 20,
            "min": 0,
            "padding": 0,
            "step": 1,
          },
          "standardGrid": true,
          "title": "",
        },
        Object {
          "arrows": Object {
            "down": false,
            "left": false,
            "right": true,
            "up": true,
          },
          "domain": Object {
            "axisLabel": "<i>t</i>",
            "labelStep": 2,
            "max": 30,
            "min": 0,
            "padding": 0,
            "step": 1,
          },
          "graph": Object {
            "height": 480,
            "width": 480,
          },
          "includeAxes": true,
          "label": "Sample Data Graph",
          "labels": Object {
            "bottom": "Time (seconds)",
            "left": "Distance (meters)",
            "right": "",
            "top": "",
          },
          "padding": true,
          "range": Object {
            "axisLabel": "<i>d</i>",
            "labelStep": 10,
            "max": 80,
            "min": 0,
            "padding": 0,
            "step": 5,
          },
          "standardGrid": false,
          "title": "Distance as a function of time",
        },
      ]
    }
    labelsPlaceholders={
      Object {
        "bottom": "Click here to add a bottom label",
        "left": "Click here to add a left label",
        "right": "Click here to add a right label",
        "top": "Click here to add a top label",
      }
    }
    mathMlOptions={
      Object {
        "mmlEditing": false,
        "mmlOutput": false,
      }
    }
    model={
      Object {
        "answers": Object {
          "correctAnswer": Object {
            "marks": Array [],
            "name": "Correct Answer",
          },
        },
        "arrows": Object {
          "down": true,
          "left": true,
          "right": true,
          "up": true,
        },
        "coordinatesOnHover": false,
        "defaultGridConfiguration": 0,
        "domain": Object {
          "axisLabel": "x",
          "labelStep": 1,
          "max": 5,
          "min": -5,
          "step": 1,
        },
        "graph": Object {
          "height": 500,
          "width": 500,
        },
        "gssLineData": Object {
          "lineA": Object {
            "lineType": "Solid",
          },
          "numberOfLines": 1,
          "sections": Array [],
          "selectedTool": "lineA",
        },
        "includeAxes": true,
        "labels": Object {},
        "labelsEnabled": true,
        "marks": Array [],
        "padding": true,
        "prompt": "",
        "promptEnabled": true,
        "range": Object {
          "axisLabel": "y",
          "labelStep": 1,
          "max": 5,
          "min": -5,
          "step": 1,
        },
        "rationale": "",
        "rationaleEnabled": true,
        "standardGrid": false,
        "studentInstructionsEnabled": true,
        "teacherInstructionsEnabled": true,
        "title": "",
      }
    }
    showLabels={true}
    titlePlaceholder="Click here to add a title for this graph"
  />
  <WithStyles(CorrectResponse)
    errors={Object {}}
    mathMlOptions={
      Object {
        "mmlEditing": false,
        "mmlOutput": false,
      }
    }
    model={
      Object {
        "answers": Object {
          "correctAnswer": Object {
            "marks": Array [],
            "name": "Correct Answer",
          },
        },
        "arrows": Object {
          "down": true,
          "left": true,
          "right": true,
          "up": true,
        },
        "coordinatesOnHover": false,
        "defaultGridConfiguration": 0,
        "domain": Object {
          "axisLabel": "x",
          "labelStep": 1,
          "max": 5,
          "min": -5,
          "step": 1,
        },
        "graph": Object {
          "height": 500,
          "width": 500,
        },
        "gssLineData": Object {
          "lineA": Object {
            "lineType": "Solid",
          },
          "numberOfLines": 1,
          "sections": Array [],
          "selectedTool": "lineA",
        },
        "includeAxes": true,
        "labels": Object {},
        "labelsEnabled": true,
        "marks": Array [],
        "padding": true,
        "prompt": "",
        "promptEnabled": true,
        "range": Object {
          "axisLabel": "y",
          "labelStep": 1,
          "max": 5,
          "min": -5,
          "step": 1,
        },
        "rationale": "",
        "rationaleEnabled": true,
        "standardGrid": false,
        "studentInstructionsEnabled": true,
        "teacherInstructionsEnabled": true,
        "title": "",
      }
    }
  />
  <InputContainer
    label="Rationale"
  >
    <EditableHtml
      allowValidation={false}
      languageCharactersProps={
        Array [
          Object {
            "language": "spanish",
          },
          Object {
            "language": "special",
          },
        ]
      }
      markup=""
      mathMlOptions={
        Object {
          "mmlEditing": false,
          "mmlOutput": false,
        }
      }
      maxImageHeight={300}
      maxImageWidth={300}
      onChange={[Function]}
      onDone={[Function]}
    />
  </InputContainer>
</ConfigLayout>
`;
