// Jest Snapshot v1, https://goo.gl/fbAQLP

exports[`Main render snapshot 1`] = `
<Main
  classes={
    Object {
      "modelPreview": "Main-modelPreview-2",
      "previewHeading": "Main-previewHeading-1",
      "titleContainer": "Main-titleContainer-3",
    }
  }
  model={
    Object {
      "allowedStudentConfig": false,
      "correctResponse": Array [],
      "maxModelSelected": 1,
      "modelTypeSelected": "bar",
      "partsPerModel": 5,
      "prompt": "",
      "showGraphLabels": false,
      "title": "",
    }
  }
  onSessionChange={[MockFunction]}
  session={Object {}}
/>
`;
