// Jest Snapshot v1, https://goo.gl/fbAQLP

exports[`ECRToolbar snapshot renders 1`] = `
<div
  style={
    Object {
      "backgroundColor": "#E0E1E6",
    }
  }
>
  <WithStyles(OutlinedInput)
    autoFocus={true}
    classes={
      Object {
        "input": undefined,
      }
    }
    inputProps={
      Object {
        "maxLength": 25,
      }
    }
    labelWidth={0}
    onBlur={[Function]}
    onChange={[Function]}
    style={
      Object {
        "width": "100%",
      }
    }
    value=""
  />
</div>
`;
