// Jest Snapshot v1, https://goo.gl/fbAQLP

exports[`AddButton snapshot renders 1`] = `
<WithStyles(Button)
  className="addButton className"
  color="primary"
  onClick={[MockFunction]}
  size="small"
  variant="contained"
>
  Add
</WithStyles(Button)>
`;
