// Jest Snapshot v1, https://goo.gl/fbAQLP

exports[`Header snapshot renders 1`] = `
<div
  className="header className"
>
  <div>
    <WithStyles(Typography)
      variant="title"
    >
      Header
    </WithStyles(Typography)>
  </div>
  <WithStyles(Tooltip)
    classes={
      Object {
        "tooltip": undefined,
      }
    }
    title=""
  >
    <span>
      <WithStyles(RawAddButton)
        onClick={[MockFunction]}
      />
    </span>
  </WithStyles(Tooltip)>
</div>
`;
