// Jest Snapshot v1, https://goo.gl/fbAQLP

exports[`ChoicePreview snapshot renders 1`] = `
<div
  className="className"
>
  <Component>
    <HtmlAndMath
      html="content"
    />
    <WithStyles(IconButton)
      aria-label="delete"
      color="secondary"
      onClick={[Function]}
    >
      <pure(Delete) />
    </WithStyles(IconButton)>
  </Component>
</div>
`;
