// Jest Snapshot v1, https://goo.gl/fbAQLP

exports[`Categories snapshot renders 1`] = `
<div
  className="categories className"
>
  <WithStyles(Header)
    buttonLabel="ADD A CATEGORY"
    label="Categories"
    onAdd={[Function]}
  />
  <div
    className="row"
  >
    <TextField
      inputProps={
        Object {
          "max": 4,
          "min": 1,
        }
      }
      label="Categories per row"
      onChange={[Function]}
      required={false}
      select={false}
      type="number"
      value={2}
      variant="standard"
    />
  </div>
  <div
    className="categoriesHolder"
    style={
      Object {
        "gridTemplateColumns": "repeat(2, 1fr)",
      }
    }
  >
    <WithStyles(Component)
      categoriesPerRow={2}
      markup=""
      onChange={[Function]}
      rowIndex={0}
    />
    <WithStyles(Category)
      category={
        Object {
          "choices": Array [],
          "id": "1",
          "label": "foo",
        }
      }
      onAddChoice={[Function]}
      onChange={[Function]}
      onDelete={[Function]}
      onDeleteChoice={[Function]}
    />
  </div>
</div>
`;
