// Jest Snapshot v1, https://goo.gl/fbAQLP

exports[`ImageContainer snapshot renders 1`] = `
<div>
  <div
    className="undefined "
    onDragExit={[Function]}
    onDragLeave={[Function]}
    onDragOver={[Function]}
    onDrop={[Function]}
  >
    <div>
      <div>
        <WithStyles(RawButton)
          label="Replace Image"
          onClick={[Function]}
        />
        <input
          accept="image/*"
          onChange={[Function]}
          type="file"
        />
      </div>
    </div>
    <div>
      <div>
        <img
          alt=""
          height="auto"
          onLoad={[Function]}
          src="url"
          style={
            Object {
              "maxHeight": "auto",
              "maxWidth": "100%",
              "width": undefined,
            }
          }
        />
        <div />
      </div>
    </div>
  </div>
</div>
`;
