// Jest Snapshot v1, https://goo.gl/fbAQLP

exports[`Possible Response snapshots canDrag renders 1`] = `""`;

exports[`Possible Response snapshots data renders 1`] = `""`;
